******************************************************************************
            TI ARM Clang Linker PC v4.0.1                      
******************************************************************************
>> Linked Thu Dec 26 10:27:43 2024

OUTPUT FILE NAME:   <ECE319K_Lab4.out>
ENTRY POINT SYMBOL: "_c_int00_noargs"  address: 00001315


MEMORY CONFIGURATION

         name            origin    length      used     unused   attr    fill
----------------------  --------  ---------  --------  --------  ----  --------
  FLASH                 00000000   00020000  00001c10  0001e3f0  R  X
  SRAM                  20200000   00008000  000004ac  00007b54  RW X
  BCR_CONFIG            41c00000   00000080  00000000  00000080  R   
  BSL_CONFIG            41c00100   00000080  00000000  00000080  R   


SEGMENT ALLOCATION MAP

run origin  load origin   length   init length attrs members
----------  ----------- ---------- ----------- ----- -------
00000000    00000000    00001c10   00001c10    r-x
  00000000    00000000    000000c0   000000c0    r-- .intvecs
  000000c0    000000c0    000013f0   000013f0    r-x .text
  000014b0    000014b0    00000730   00000730    r-- .rodata
  00001be0    00001be0    00000030   00000030    r-- .cinit
20200000    20200000    000002ac   00000000    rw-
  20200000    20200000    00000200   00000000    rw- .sysmem
  20200200    20200200    0000008c   00000000    rw- .bss
  2020028c    2020028c    00000020   00000000    rw- .data
20207e00    20207e00    00000200   00000000    rw-
  20207e00    20207e00    00000200   00000000    rw- .stack


SECTION ALLOCATION MAP

 output                                  attributes/
section   page    origin      length       input sections
--------  ----  ----------  ----------   ----------------
.intvecs   0    00000000    000000c0     
                  00000000    000000c0     startup_mspm0g3507_ticlang.o (.intvecs)

.text      0    000000c0    000013f0     
                  000000c0    0000031c     ECE319K_Lab4Grader.o (.text.TIMG7_IRQHandler)
                  000003dc    00000298     ECE319K_Lab4Grader.o (.text.CheckInitialization)
                  00000674    00000294     ECE319K_Lab4Grader.o (.text.Lab4Grader)
                  00000908    000001b4     Clock.o (.text.Clock_Init80MHz)
                  00000abc    00000130     UARTints.o (.text.UART_Init)
                  00000bec    000000a8     Timer.o (.text.TimerG7_IntArm)
                  00000c94    0000000c     Clock.o (.text.Clock_Freq)
                  00000ca0    00000088     libc.a : strcmp-armv6m.S.obj (.text:strcmp)
                  00000d28    0000007c     LaunchPad.o (.text.LaunchPad_Init)
                  00000da4    0000007c     ECE319K_Lab4Grader.o (.text.ReadSensor)
                  00000e20    0000007c     libc.a : copy_decompress_lzss.c.obj (.text:decompress:lzss)
                  00000e9c    00000064     ECE319K_Lab4Grader.o (.text.GetState)
                  00000f00    0000005c     ECE319K_Lab4Grader.o (.text.ReadSouth)
                  00000f5c    0000005c     UARTints.o (.text.UART0_IRQHandler)
                  00000fb8    00000058     UARTints.o (.text.copyHardwareToSoftware)
                  00001010    0000004c     ECE319K_Lab4Grader.o (.text.ReadWest)
                  0000105c    0000004c     FIFO.o (.text.RxFifo_Put)
                  000010a8    0000004c     FIFO.o (.text.TxFifo_Get)
                  000010f4    0000004c     FIFO.o (.text.TxFifo_Put)
                  00001140    0000004c     UARTints.o (.text.copySoftwareToHardware)
                  0000118c    00000040     UARTints.o (.text.UART_OutChar)
                  000011cc    00000040     libclang_rt.builtins.a : aeabi_uidivmod.S.obj (.text.__aeabi_uidivmod)
                  0000120c    0000003c     libc.a : autoinit.c.obj (.text:__TI_auto_init_nobinit_nopinit)
                  00001248    00000038     LaunchPad.o (.text.ActivatePortA_B)
                  00001280    00000036     UART.o (.text.UART_OutUDec)
                  000012b6    00000034     ECE319K_Lab4Grader.o (.text.setUpper)
                  000012ea    00000002     libclang_rt.builtins.a : aeabi_div0.c.obj (.text.__aeabi_idiv0)
                  000012ec    00000028     ECE319K_Lab4Grader.o (.text.ReadWalk)
                  00001314    00000028     libc.a : boot_cortex_m.c.obj (.text:_c_int00_noargs)
                  0000133c    00000026     UART.o (.text.UART_OutString)
                  00001362    00000002     --HOLE-- [fill = 0]
                  00001364    00000020     ECE319K_Lab4Grader.o (.text.Random32)
                  00001384    0000001c     startup_mspm0g3507_ticlang.o (.text.Default_Handler)
                  000013a0    0000001c     startup_mspm0g3507_ticlang.o (.text.HardFault_Handler)
                  000013bc    0000001c     ECE319K_Lab4main.o (.text.main)
                  000013d8    00000018     FIFO.o (.text.RxFifo_Size)
                  000013f0    00000018     FIFO.o (.text.TxFifo_Size)
                  00001408    00000016     libc.a : copy_zero_init.c.obj (.text:decompress:ZI:__TI_zero_init_nomemset)
                  0000141e    00000002     --HOLE-- [fill = 0]
                  00001420    00000014     FIFO.o (.text.RxFifo_Init)
                  00001434    00000014     FIFO.o (.text.TxFifo_Init)
                  00001448    00000012     libc.a : memcpy16.S.obj (.text:TI_memcpy_small)
                  0000145a    00000012            : copy_decompress_none.c.obj (.text:decompress:none)
                  0000146c    00000010     Clock.o (.text.Clock_Delay)
                  0000147c    00000010     LaunchPad.o (.text.Delay)
                  0000148c    00000010     ECE319K_Lab4Grader.o (.text.OutCRLF)
                  0000149c    00000008     libclang_rt.builtins.a : aeabi_memcpy.S.obj (.text.__aeabi_memcpy)
                  000014a4    00000004     startup_mspm0g3507_ticlang.o (.text.Reset_Handler)
                  000014a8    00000004     libc.a : pre_init.c.obj (.text._system_pre_init)
                  000014ac    00000004            : exit.c.obj (.text:abort)

.cinit     0    00001be0    00000030     
                  00001be0    0000000c     (.cinit..data.load) [load image, compression = lzss]
                  00001bec    0000000c     (__TI_handler_table)
                  00001bf8    00000008     (.cinit..bss.load) [load image, compression = zero_init]
                  00001c00    00000010     (__TI_cinit_table)

.rodata    0    000014b0    00000730     
                  000014b0    00000140     ECE319K_Lab4Grader.o (.rodata.SensorProblem)
                  000015f0    000000f0     ECE319K_Lab4Grader.o (.rodata.SouthProblem)
                  000016e0    000000c8     ECE319K_Lab4Grader.o (.rodata.PatternProblem)
                  000017a8    000000c4     ECE319K_Lab4Grader.o (.rodata.pat)
                  0000186c    000000a0     ECE319K_Lab4Grader.o (.rodata.WestProblem)
                  0000190c    0000003c     ECE319K_Lab4Grader.o (.rodata.str1.33178702382128063511)
                  00001948    0000003b     ECE319K_Lab4Grader.o (.rodata.str1.34338108663945114111)
                  00001983    0000003b     ECE319K_Lab4Grader.o (.rodata.str1.83965500955376455081)
                  000019be    0000003a     ECE319K_Lab4Grader.o (.rodata.str1.46641900071989434961)
                  000019f8    00000039     ECE319K_Lab4Grader.o (.rodata.str1.101786750012153853561)
                  00001a31    00000037     ECE319K_Lab4Grader.o (.rodata.str1.89826471332389254811)
                  00001a68    0000002f     ECE319K_Lab4Grader.o (.rodata.str1.72217892764431003391)
                  00001a97    0000002d     ECE319K_Lab4Grader.o (.rodata.str1.126612601997215824021)
                  00001ac4    0000001c     ECE319K_Lab4Grader.o (.rodata.validPatterns)
                  00001ae0    00000018     ECE319K_Lab4Grader.o (.rodata.Patterns)
                  00001af8    00000015     ECE319K_Lab4Grader.o (.rodata.str1.116433098454076486001)
                  00001b0d    00000014     ECE319K_Lab4Grader.o (.rodata.str1.144391106505873079501)
                  00001b21    00000014     ECE319K_Lab4Grader.o (.rodata.str1.6113954655642233881)
                  00001b35    00000011     ECE319K_Lab4Grader.o (.rodata.str1.114852366240512568111)
                  00001b46    00000011     ECE319K_Lab4Grader.o (.rodata.str1.159714553038272807631)
                  00001b57    00000011     ECE319K_Lab4Grader.o (.rodata.str1.26264556204412158021)
                  00001b68    00000010     ECE319K_Lab4Grader.o (.rodata.str1.100997235355534114531)
                  00001b78    00000010     ECE319K_Lab4Grader.o (.rodata.str1.178541419972375408971)
                  00001b88    0000000d     ECE319K_Lab4Grader.o (.rodata.str1.23889265132940433811)
                  00001b95    0000000a     ECE319K_Lab4Grader.o (.rodata.str1.26563150357451494811)
                  00001b9f    0000000a     ECE319K_Lab4Grader.o (.rodata.str1.69906889678196165881)
                  00001ba9    00000008     ECE319K_Lab4Grader.o (.rodata.str1.168399637756820142381)
                  00001bb1    00000007     ECE319K_Lab4main.o (.rodata.EID1)
                  00001bb8    00000007     ECE319K_Lab4main.o (.rodata.EID2)
                  00001bbf    00000007     ECE319K_Lab4Grader.o (.rodata.str1.142566647173898256291)
                  00001bc6    00000007     ECE319K_Lab4Grader.o (.rodata.str1.80107736207525412591)
                  00001bcd    00000007     ECE319K_Lab4Grader.o (.rodata.str1.85906719155229904161)
                  00001bd4    00000006     ECE319K_Lab4Grader.o (.rodata.str1.133361453838061636321)
                  00001bda    00000005     ECE319K_Lab4Grader.o (.rodata.str1.154730482690474842861)
                  00001bdf    00000001     --HOLE-- [fill = 0]

.init_array 
*          0    00000000    00000000     UNINITIALIZED

.binit     0    00000000    00000000     

.sysmem    0    20200000    00000200     UNINITIALIZED
                  20200000    00000010     libc.a : memory.c.obj (.sysmem)
                  20200010    000001f0     --HOLE--

.bss       0    20200200    0000008c     UNINITIALIZED
                  20200200    00000040     FIFO.o (.bss.TxFifo)
                  20200240    00000010     FIFO.o (.bss.RxFifo)
                  20200250    00000004     (.common:LastIn)
                  20200254    00000004     (.common:LastOut)
                  20200258    00000004     (.common:LastState)
                  2020025c    00000004     (.common:LookingFlag)
                  20200260    00000004     (.common:LookingFor)
                  20200264    00000004     (.common:M)
                  20200268    00000004     (.common:NeedState)
                  2020026c    00000004     (.common:RxGetI)
                  20200270    00000004     (.common:RxPutI)
                  20200274    00000004     (.common:TxGetI)
                  20200278    00000004     (.common:TxPutI)
                  2020027c    00000004     (.common:WrongState)
                  20200280    00000004     (.common:in)
                  20200284    00000004     (.common:out)
                  20200288    00000004     (.common:state)

.data      0    2020028c    00000020     UNINITIALIZED
                  2020028c    00000004     Clock.o (.data.BusFreq)
                  20200290    00000004     ECE319K_Lab4Grader.o (.data.Fail)
                  20200294    00000004     ECE319K_Lab4Grader.o (.data.PatternMode)
                  20200298    00000004     ECE319K_Lab4Grader.o (.data.Score)
                  2020029c    00000004     ECE319K_Lab4Grader.o (.data.SensorMode)
                  202002a0    00000004     ECE319K_Lab4Grader.o (.data.SouthMode)
                  202002a4    00000004     ECE319K_Lab4Grader.o (.data.Time)
                  202002a8    00000004     ECE319K_Lab4Grader.o (.data.WestMode)

.stack     0    20207e00    00000200     UNINITIALIZED
                  20207e00    00000004     libc.a : boot_cortex_m.c.obj (.stack)
                  20207e04    000001fc     --HOLE--

__llvm_prf_cnts 
*          0    20200000    00000000     UNINITIALIZED

__llvm_prf_bits 
*          0    20200000    00000000     UNINITIALIZED

MODULE SUMMARY

       Module                         code   ro data   rw data
       ------                         ----   -------   -------
    .\
       ECE319K_Lab4Grader.o           2652   1825      72     
       UARTints.o                     624    0         0      
       Clock.o                        464    0         4      
       FIFO.o                         316    0         96     
       LaunchPad.o                    196    0         0      
       Timer.o                        168    0         0      
       UART.o                         92     0         0      
       ECE319K_Lab4main.o             28     14        0      
    +--+------------------------------+------+---------+---------+
       Total:                         4540   1839      172    
                                                              
    .\ticlang\
       startup_mspm0g3507_ticlang.o   60     192       0      
    +--+------------------------------+------+---------+---------+
       Total:                         60     192       0      
                                                              
    C:\ti\ccs2000\ccs\tools\compiler\ti-cgt-armllvm_4.0.1.LTS\lib\armv6m-ti-none-eabi/c/libc.a
       strcmp-armv6m.S.obj            136    0         0      
       copy_decompress_lzss.c.obj     124    0         0      
       autoinit.c.obj                 60     0         0      
       boot_cortex_m.c.obj            40     0         0      
       copy_zero_init.c.obj           22     0         0      
       copy_decompress_none.c.obj     18     0         0      
       memcpy16.S.obj                 18     0         0      
       exit.c.obj                     4      0         0      
       pre_init.c.obj                 4      0         0      
    +--+------------------------------+------+---------+---------+
       Total:                         426    0         0      
                                                              
    C:\ti\ccs2000\ccs\tools\compiler\ti-cgt-armllvm_4.0.1.LTS\lib\armv6m-ti-none-eabi/libclang_rt.builtins.a
       aeabi_uidivmod.S.obj           64     0         0      
       aeabi_memcpy.S.obj             8      0         0      
       aeabi_div0.c.obj               2      0         0      
    +--+------------------------------+------+---------+---------+
       Total:                         74     0         0      
                                                              
       Heap:                          0      0         512    
       Stack:                         0      0         512    
       Linker Generated:              0      48        0      
    +--+------------------------------+------+---------+---------+
       Grand Total:                   5100   2079      1196   


LINKER GENERATED COPY TABLES

__TI_cinit_table @ 00001c00 records: 2, size/record: 8, table size: 16
	.data: load addr=00001be0, load size=0000000c bytes, run addr=2020028c, run size=00000020 bytes, compression=lzss
	.bss: load addr=00001bf8, load size=00000008 bytes, run addr=20200200, run size=0000008c bytes, compression=zero_init


LINKER GENERATED HANDLER TABLE

__TI_handler_table @ 00001bec records: 3, size/record: 4, table size: 12
	index: 0, handler: __TI_decompress_lzss
	index: 1, handler: __TI_decompress_none
	index: 2, handler: __TI_zero_init


GLOBAL SYMBOLS: SORTED ALPHABETICALLY BY Name 

address   name                          
-------   ----                          
00001385  ADC0_IRQHandler               
00001385  ADC1_IRQHandler               
00001385  AES_IRQHandler                
00001249  ActivatePortA_B               
2020028c  BusFreq                       
000014ac  C$$EXIT                       
00001385  CANFD0_IRQHandler             
000003dd  CheckInitialization           
0000146d  Clock_Delay                   
00000c95  Clock_Freq                    
00000909  Clock_Init80MHz               
00001385  DAC0_IRQHandler               
00001385  DMA_IRQHandler                
00001385  Default_Handler               
0000147d  Delay                         
00001bb1  EID1                          
00001bb8  EID2                          
00001385  GROUP0_IRQHandler             
00001385  GROUP1_IRQHandler             
00000e9d  GetState                      
000013a1  HardFault_Handler             
00001385  I2C0_IRQHandler               
00001385  I2C1_IRQHandler               
00000675  Lab4Grader                    
20200250  LastIn                        
20200254  LastOut                       
20200258  LastState                     
00000d29  LaunchPad_Init                
2020025c  LookingFlag                   
20200260  LookingFor                    
20200264  M                             
00001385  NMI_Handler                   
20200268  NeedState                     
0000148d  OutCRLF                       
000016e0  PatternProblem                
00001ae0  Patterns                      
00001385  PendSV_Handler                
00001385  RTC_IRQHandler                
00001365  Random32                      
00000da5  ReadSensor                    
00000f01  ReadSouth                     
000012ed  ReadWalk                      
00001011  ReadWest                      
000014a5  Reset_Handler                 
00001421  RxFifo_Init                   
0000105d  RxFifo_Put                    
000013d9  RxFifo_Size                   
2020026c  RxGetI                        
20200270  RxPutI                        
00001385  SPI0_IRQHandler               
00001385  SPI1_IRQHandler               
00001385  SVC_Handler                   
000014b0  SensorProblem                 
000015f0  SouthProblem                  
00001385  SysTick_Handler               
00001385  TIMA0_IRQHandler              
00001385  TIMA1_IRQHandler              
00001385  TIMG0_IRQHandler              
00001385  TIMG12_IRQHandler             
00001385  TIMG6_IRQHandler              
000000c1  TIMG7_IRQHandler              
00001385  TIMG8_IRQHandler              
00001449  TI_memcpy_small               
202002a4  Time                          
00000bed  TimerG7_IntArm                
000010a9  TxFifo_Get                    
00001435  TxFifo_Init                   
000010f5  TxFifo_Put                    
000013f1  TxFifo_Size                   
20200274  TxGetI                        
20200278  TxPutI                        
00000f5d  UART0_IRQHandler              
00001385  UART1_IRQHandler              
00001385  UART2_IRQHandler              
00001385  UART3_IRQHandler              
00000abd  UART_Init                     
0000118d  UART_OutChar                  
0000133d  UART_OutString                
00001281  UART_OutUDec                  
0000186c  WestProblem                   
2020027c  WrongState                    
20208000  __STACK_END                   
00000200  __STACK_SIZE                  
00000200  __SYSMEM_SIZE                 
00000000  __TI_ATRegion0_region_sz      
00000000  __TI_ATRegion0_src_addr       
00000000  __TI_ATRegion0_trg_addr       
00000000  __TI_ATRegion1_region_sz      
00000000  __TI_ATRegion1_src_addr       
00000000  __TI_ATRegion1_trg_addr       
00000000  __TI_ATRegion2_region_sz      
00000000  __TI_ATRegion2_src_addr       
00000000  __TI_ATRegion2_trg_addr       
00001c00  __TI_CINIT_Base               
00001c10  __TI_CINIT_Limit              
00001c10  __TI_CINIT_Warm               
00001bec  __TI_Handler_Table_Base       
00001bf8  __TI_Handler_Table_Limit      
0000120d  __TI_auto_init_nobinit_nopinit
00000e21  __TI_decompress_lzss          
0000145b  __TI_decompress_none          
ffffffff  __TI_pprof_out_hndl           
ffffffff  __TI_prof_data_size           
ffffffff  __TI_prof_data_start          
00000000  __TI_static_base__            
00001409  __TI_zero_init_nomemset       
000012eb  __aeabi_idiv0                 
0000149d  __aeabi_memcpy                
0000149d  __aeabi_memcpy4               
0000149d  __aeabi_memcpy8               
000011cd  __aeabi_uidiv                 
000011cd  __aeabi_uidivmod              
ffffffff  __binit__                     
UNDEFED   __mpu_init                    
20207e00  __stack                       
20200000  __start___llvm_prf_bits       
20200000  __start___llvm_prf_cnts       
20200000  __stop___llvm_prf_bits        
20200000  __stop___llvm_prf_cnts        
00001315  _c_int00_noargs               
20200000  _sys_memory                   
UNDEFED   _system_post_cinit            
000014a9  _system_pre_init              
000014ad  abort                         
ffffffff  binit                         
20200280  in                            
00000000  interruptVectors              
000013bd  main                          
20200284  out                           
000017a8  pat                           
000012b7  setUpper                      
20200288  state                         
00000ca1  strcmp                        
00001ac4  validPatterns                 


GLOBAL SYMBOLS: SORTED BY Symbol Address 

address   name                          
-------   ----                          
00000000  __TI_ATRegion0_region_sz      
00000000  __TI_ATRegion0_src_addr       
00000000  __TI_ATRegion0_trg_addr       
00000000  __TI_ATRegion1_region_sz      
00000000  __TI_ATRegion1_src_addr       
00000000  __TI_ATRegion1_trg_addr       
00000000  __TI_ATRegion2_region_sz      
00000000  __TI_ATRegion2_src_addr       
00000000  __TI_ATRegion2_trg_addr       
00000000  __TI_static_base__            
00000000  interruptVectors              
000000c1  TIMG7_IRQHandler              
00000200  __STACK_SIZE                  
00000200  __SYSMEM_SIZE                 
000003dd  CheckInitialization           
00000675  Lab4Grader                    
00000909  Clock_Init80MHz               
00000abd  UART_Init                     
00000bed  TimerG7_IntArm                
00000c95  Clock_Freq                    
00000ca1  strcmp                        
00000d29  LaunchPad_Init                
00000da5  ReadSensor                    
00000e21  __TI_decompress_lzss          
00000e9d  GetState                      
00000f01  ReadSouth                     
00000f5d  UART0_IRQHandler              
00001011  ReadWest                      
0000105d  RxFifo_Put                    
000010a9  TxFifo_Get                    
000010f5  TxFifo_Put                    
0000118d  UART_OutChar                  
000011cd  __aeabi_uidiv                 
000011cd  __aeabi_uidivmod              
0000120d  __TI_auto_init_nobinit_nopinit
00001249  ActivatePortA_B               
00001281  UART_OutUDec                  
000012b7  setUpper                      
000012eb  __aeabi_idiv0                 
000012ed  ReadWalk                      
00001315  _c_int00_noargs               
0000133d  UART_OutString                
00001365  Random32                      
00001385  ADC0_IRQHandler               
00001385  ADC1_IRQHandler               
00001385  AES_IRQHandler                
00001385  CANFD0_IRQHandler             
00001385  DAC0_IRQHandler               
00001385  DMA_IRQHandler                
00001385  Default_Handler               
00001385  GROUP0_IRQHandler             
00001385  GROUP1_IRQHandler             
00001385  I2C0_IRQHandler               
00001385  I2C1_IRQHandler               
00001385  NMI_Handler                   
00001385  PendSV_Handler                
00001385  RTC_IRQHandler                
00001385  SPI0_IRQHandler               
00001385  SPI1_IRQHandler               
00001385  SVC_Handler                   
00001385  SysTick_Handler               
00001385  TIMA0_IRQHandler              
00001385  TIMA1_IRQHandler              
00001385  TIMG0_IRQHandler              
00001385  TIMG12_IRQHandler             
00001385  TIMG6_IRQHandler              
00001385  TIMG8_IRQHandler              
00001385  UART1_IRQHandler              
00001385  UART2_IRQHandler              
00001385  UART3_IRQHandler              
000013a1  HardFault_Handler             
000013bd  main                          
000013d9  RxFifo_Size                   
000013f1  TxFifo_Size                   
00001409  __TI_zero_init_nomemset       
00001421  RxFifo_Init                   
00001435  TxFifo_Init                   
00001449  TI_memcpy_small               
0000145b  __TI_decompress_none          
0000146d  Clock_Delay                   
0000147d  Delay                         
0000148d  OutCRLF                       
0000149d  __aeabi_memcpy                
0000149d  __aeabi_memcpy4               
0000149d  __aeabi_memcpy8               
000014a5  Reset_Handler                 
000014a9  _system_pre_init              
000014ac  C$$EXIT                       
000014ad  abort                         
000014b0  SensorProblem                 
000015f0  SouthProblem                  
000016e0  PatternProblem                
000017a8  pat                           
0000186c  WestProblem                   
00001ac4  validPatterns                 
00001ae0  Patterns                      
00001bb1  EID1                          
00001bb8  EID2                          
00001bec  __TI_Handler_Table_Base       
00001bf8  __TI_Handler_Table_Limit      
00001c00  __TI_CINIT_Base               
00001c10  __TI_CINIT_Limit              
00001c10  __TI_CINIT_Warm               
20200000  __start___llvm_prf_bits       
20200000  __start___llvm_prf_cnts       
20200000  __stop___llvm_prf_bits        
20200000  __stop___llvm_prf_cnts        
20200000  _sys_memory                   
20200250  LastIn                        
20200254  LastOut                       
20200258  LastState                     
2020025c  LookingFlag                   
20200260  LookingFor                    
20200264  M                             
20200268  NeedState                     
2020026c  RxGetI                        
20200270  RxPutI                        
20200274  TxGetI                        
20200278  TxPutI                        
2020027c  WrongState                    
20200280  in                            
20200284  out                           
20200288  state                         
2020028c  BusFreq                       
202002a4  Time                          
20207e00  __stack                       
20208000  __STACK_END                   
ffffffff  __TI_pprof_out_hndl           
ffffffff  __TI_prof_data_size           
ffffffff  __TI_prof_data_start          
ffffffff  __binit__                     
ffffffff  binit                         
UNDEFED   __mpu_init                    
UNDEFED   _system_post_cinit            

[134 symbols]
