******************************************************************************
            TI ARM Clang Linker PC v4.0.1                      
******************************************************************************
>> Linked Thu Dec 26 10:19:21 2024

OUTPUT FILE NAME:   <ECE319K_Lab3.out>
ENTRY POINT SYMBOL: "_c_int00_noargs"  address: 000006ad


MEMORY CONFIGURATION

         name            origin    length      used     unused   attr    fill
----------------------  --------  ---------  --------  --------  ----  --------
  FLASH                 00000000   00020000  000008f0  0001f710  R  X
  SRAM                  20200000   00008000  00000598  00007a68  RW X
  BCR_CONFIG            41c00000   00000080  00000000  00000080  R   
  BSL_CONFIG            41c00100   00000080  00000000  00000080  R   


SEGMENT ALLOCATION MAP

run origin  load origin   length   init length attrs members
----------  ----------- ---------- ----------- ----- -------
00000000    00000000    000008f0   000008f0    r-x
  00000000    00000000    000000c0   000000c0    r-- .intvecs
  000000c0    000000c0    00000700   00000700    r-x .text
  000007c0    000007c0    00000100   00000100    r-- .rodata
  000008c0    000008c0    00000030   00000030    r-- .cinit
20200000    20200000    00000398   00000000    rw-
  20200000    20200000    00000200   00000000    rw- .sysmem
  20200200    20200200    00000194   00000000    rw- .bss
  20200394    20200394    00000004   00000000    rw- .data
20207e00    20207e00    00000200   00000000    rw-
  20207e00    20207e00    00000200   00000000    rw- .stack


SECTION ALLOCATION MAP

 output                                  attributes/
section   page    origin      length       input sections
--------  ----  ----------  ----------   ----------------
.intvecs   0    00000000    000000c0     
                  00000000    000000c0     startup_mspm0g3507_ticlang.o (.intvecs)

.text      0    000000c0    00000700     
                  000000c0    000001b4     Clock.o (.text.Clock_Init80MHz)
                  00000274    00000140     ECE319K_Lab3main.o (.text.main)
                  000003b4    000000e8     UARTbusywait.o (.text.UART_Init)
                  0000049c    0000007c     LaunchPad.o (.text.LaunchPad_Init)
                  00000518    0000007c     libc.a : copy_decompress_lzss.c.obj (.text:decompress:lzss)
                  00000594    00000040     libclang_rt.builtins.a : aeabi_uidivmod.S.obj (.text.__aeabi_uidivmod)
                  000005d4    0000003c     libc.a : autoinit.c.obj (.text:__TI_auto_init_nobinit_nopinit)
                  00000610    00000038     LaunchPad.o (.text.ActivatePortA_B)
                  00000648    00000036     UART.o (.text.UART_OutUDec)
                  0000067e    00000002     Dump.o (.text.Debug_Init)
                  00000680    0000002c     UARTbusywait.o (.text.UART_OutChar)
                  000006ac    00000028     libc.a : boot_cortex_m.c.obj (.text:_c_int00_noargs)
                  000006d4    00000026     UART.o (.text.UART_OutString)
                  000006fa    00000002     libclang_rt.builtins.a : aeabi_div0.c.obj (.text.__aeabi_idiv0)
                  000006fc    0000001c     startup_mspm0g3507_ticlang.o (.text.Default_Handler)
                  00000718    0000001c     startup_mspm0g3507_ticlang.o (.text.HardFault_Handler)
                  00000734    00000016     libc.a : copy_zero_init.c.obj (.text:decompress:ZI:__TI_zero_init_nomemset)
                  0000074a    00000012            : memcpy16.S.obj (.text:TI_memcpy_small)
                  0000075c    00000012            : copy_decompress_none.c.obj (.text:decompress:none)
                  0000076e    00000010     Clock.o (.text.Clock_Delay)
                  0000077e    00000010     LaunchPad.o (.text.Delay)
                  0000078e    00000002     --HOLE-- [fill = 0]
                  00000790    0000000c     Clock.o (.text.Clock_Freq)
                  0000079c    0000000a     Dump.o (.text.Debug_Dump)
                  000007a6    00000002     --HOLE-- [fill = 0]
                  000007a8    00000008     libclang_rt.builtins.a : aeabi_memcpy.S.obj (.text.__aeabi_memcpy)
                  000007b0    00000004     startup_mspm0g3507_ticlang.o (.text.Reset_Handler)
                  000007b4    00000004     libc.a : pre_init.c.obj (.text._system_pre_init)
                  000007b8    00000004            : exit.c.obj (.text:abort)
                  000007bc    00000004     --HOLE-- [fill = 0]

.cinit     0    000008c0    00000030     
                  000008c0    0000000c     (__TI_handler_table)
                  000008cc    00000008     (.cinit..bss.load) [load image, compression = zero_init]
                  000008d4    00000008     (.cinit..data.load) [load image, compression = lzss]
                  000008dc    00000010     (__TI_cinit_table)
                  000008ec    00000004     --HOLE-- [fill = 0]

.rodata    0    000007c0    00000100     
                  000007c0    00000026     ECE319K_Lab3main.o (.rodata.str1.150127779463438381201)
                  000007e6    00000025     ECE319K_Lab3main.o (.rodata.str1.162241643558139802501)
                  0000080b    0000001e     ECE319K_Lab3main.o (.rodata.str1.7636785990820825891)
                  00000829    00000010     ECE319K_Lab3main.o (.rodata.str1.106470973209183442151)
                  00000839    00000010     ECE319K_Lab3main.o (.rodata.str1.119984960737402982341)
                  00000849    00000010     ECE319K_Lab3main.o (.rodata.str1.131601469559373692971)
                  00000859    00000010     ECE319K_Lab3main.o (.rodata.str1.177112862935308274101)
                  00000869    00000010     ECE319K_Lab3main.o (.rodata.str1.21072237333267244681)
                  00000879    00000010     ECE319K_Lab3main.o (.rodata.str1.25822599807212514711)
                  00000889    00000010     ECE319K_Lab3main.o (.rodata.str1.33703871369892749181)
                  00000899    00000010     ECE319K_Lab3main.o (.rodata.str1.54372216256395112691)
                  000008a9    00000007     ECE319K_Lab3main.o (.rodata.Lab3EID)
                  000008b0    00000007     ECE319K_Lab3main.o (.rodata.str1.67864867215291912941)
                  000008b7    00000006     ECE319K_Lab3main.o (.rodata.str1.97791829763504729841)
                  000008bd    00000003     ECE319K_Lab3main.o (.rodata.str1.118987266135407054441)

.init_array 
*          0    00000000    00000000     UNINITIALIZED

.binit     0    00000000    00000000     

.sysmem    0    20200000    00000200     UNINITIALIZED
                  20200000    00000010     libc.a : memory.c.obj (.sysmem)
                  20200010    000001f0     --HOLE--

.bss       0    20200200    00000194     UNINITIALIZED
                  20200200    000000c8     (.common:DataBuffer)
                  202002c8    000000c8     (.common:TimeBuffer)
                  20200390    00000004     (.common:Time)

.data      0    20200394    00000004     UNINITIALIZED
                  20200394    00000004     Clock.o (.data.BusFreq)

.stack     0    20207e00    00000200     UNINITIALIZED
                  20207e00    00000004     libc.a : boot_cortex_m.c.obj (.stack)
                  20207e04    000001fc     --HOLE--

__llvm_prf_cnts 
*          0    20200000    00000000     UNINITIALIZED

__llvm_prf_bits 
*          0    20200000    00000000     UNINITIALIZED

MODULE SUMMARY

       Module                         code   ro data   rw data
       ------                         ----   -------   -------
    .\
       ECE319K_Lab3main.o             320    256       4      
       Clock.o                        464    0         4      
       Dump.o                         12     0         400    
       UARTbusywait.o                 276    0         0      
       LaunchPad.o                    196    0         0      
       UART.o                         92     0         0      
    +--+------------------------------+------+---------+---------+
       Total:                         1360   256       408    
                                                              
    .\ticlang\
       startup_mspm0g3507_ticlang.o   60     192       0      
    +--+------------------------------+------+---------+---------+
       Total:                         60     192       0      
                                                              
    C:\ti\ccs2000\ccs\tools\compiler\ti-cgt-armllvm_4.0.1.LTS\lib\armv6m-ti-none-eabi/c/libc.a
       copy_decompress_lzss.c.obj     124    0         0      
       autoinit.c.obj                 60     0         0      
       boot_cortex_m.c.obj            40     0         0      
       copy_zero_init.c.obj           22     0         0      
       copy_decompress_none.c.obj     18     0         0      
       memcpy16.S.obj                 18     0         0      
       exit.c.obj                     4      0         0      
       pre_init.c.obj                 4      0         0      
    +--+------------------------------+------+---------+---------+
       Total:                         290    0         0      
                                                              
    C:\ti\ccs2000\ccs\tools\compiler\ti-cgt-armllvm_4.0.1.LTS\lib\armv6m-ti-none-eabi/libclang_rt.builtins.a
       aeabi_uidivmod.S.obj           64     0         0      
       aeabi_memcpy.S.obj             8      0         0      
       aeabi_div0.c.obj               2      0         0      
    +--+------------------------------+------+---------+---------+
       Total:                         74     0         0      
                                                              
       Heap:                          0      0         512    
       Stack:                         0      0         512    
       Linker Generated:              0      44        0      
    +--+------------------------------+------+---------+---------+
       Grand Total:                   1784   492       1432   


LINKER GENERATED COPY TABLES

__TI_cinit_table @ 000008dc records: 2, size/record: 8, table size: 16
	.bss: load addr=000008cc, load size=00000008 bytes, run addr=20200200, run size=00000194 bytes, compression=zero_init
	.data: load addr=000008d4, load size=00000008 bytes, run addr=20200394, run size=00000004 bytes, compression=lzss


LINKER GENERATED HANDLER TABLE

__TI_handler_table @ 000008c0 records: 3, size/record: 4, table size: 12
	index: 0, handler: __TI_decompress_lzss
	index: 1, handler: __TI_decompress_none
	index: 2, handler: __TI_zero_init


GLOBAL SYMBOLS: SORTED ALPHABETICALLY BY Name 

address   name                          
-------   ----                          
000006fd  ADC0_IRQHandler               
000006fd  ADC1_IRQHandler               
000006fd  AES_IRQHandler                
00000611  ActivatePortA_B               
20200394  BusFreq                       
000007b8  C$$EXIT                       
000006fd  CANFD0_IRQHandler             
0000076f  Clock_Delay                   
00000791  Clock_Freq                    
000000c1  Clock_Init80MHz               
000006fd  DAC0_IRQHandler               
000006fd  DMA_IRQHandler                
20200200  DataBuffer                    
0000079d  Debug_Dump                    
0000067f  Debug_Init                    
000006fd  Default_Handler               
0000077f  Delay                         
000006fd  GROUP0_IRQHandler             
000006fd  GROUP1_IRQHandler             
00000719  HardFault_Handler             
000006fd  I2C0_IRQHandler               
000006fd  I2C1_IRQHandler               
000008a9  Lab3EID                       
0000049d  LaunchPad_Init                
000006fd  NMI_Handler                   
000006fd  PendSV_Handler                
000006fd  RTC_IRQHandler                
000007b1  Reset_Handler                 
000006fd  SPI0_IRQHandler               
000006fd  SPI1_IRQHandler               
000006fd  SVC_Handler                   
000006fd  SysTick_Handler               
000006fd  TIMA0_IRQHandler              
000006fd  TIMA1_IRQHandler              
000006fd  TIMG0_IRQHandler              
000006fd  TIMG12_IRQHandler             
000006fd  TIMG6_IRQHandler              
000006fd  TIMG7_IRQHandler              
000006fd  TIMG8_IRQHandler              
0000074b  TI_memcpy_small               
20200390  Time                          
202002c8  TimeBuffer                    
000006fd  UART0_IRQHandler              
000006fd  UART1_IRQHandler              
000006fd  UART2_IRQHandler              
000006fd  UART3_IRQHandler              
000003b5  UART_Init                     
00000681  UART_OutChar                  
000006d5  UART_OutString                
00000649  UART_OutUDec                  
20208000  __STACK_END                   
00000200  __STACK_SIZE                  
00000200  __SYSMEM_SIZE                 
00000000  __TI_ATRegion0_region_sz      
00000000  __TI_ATRegion0_src_addr       
00000000  __TI_ATRegion0_trg_addr       
00000000  __TI_ATRegion1_region_sz      
00000000  __TI_ATRegion1_src_addr       
00000000  __TI_ATRegion1_trg_addr       
00000000  __TI_ATRegion2_region_sz      
00000000  __TI_ATRegion2_src_addr       
00000000  __TI_ATRegion2_trg_addr       
000008dc  __TI_CINIT_Base               
000008ec  __TI_CINIT_Limit              
000008ec  __TI_CINIT_Warm               
000008c0  __TI_Handler_Table_Base       
000008cc  __TI_Handler_Table_Limit      
000005d5  __TI_auto_init_nobinit_nopinit
00000519  __TI_decompress_lzss          
0000075d  __TI_decompress_none          
ffffffff  __TI_pprof_out_hndl           
ffffffff  __TI_prof_data_size           
ffffffff  __TI_prof_data_start          
00000000  __TI_static_base__            
00000735  __TI_zero_init_nomemset       
000006fb  __aeabi_idiv0                 
000007a9  __aeabi_memcpy                
000007a9  __aeabi_memcpy4               
000007a9  __aeabi_memcpy8               
00000595  __aeabi_uidiv                 
00000595  __aeabi_uidivmod              
ffffffff  __binit__                     
UNDEFED   __mpu_init                    
20207e00  __stack                       
20200000  __start___llvm_prf_bits       
20200000  __start___llvm_prf_cnts       
20200000  __stop___llvm_prf_bits        
20200000  __stop___llvm_prf_cnts        
000006ad  _c_int00_noargs               
20200000  _sys_memory                   
UNDEFED   _system_post_cinit            
000007b5  _system_pre_init              
000007b9  abort                         
ffffffff  binit                         
00000000  interruptVectors              
00000275  main                          


GLOBAL SYMBOLS: SORTED BY Symbol Address 

address   name                          
-------   ----                          
00000000  __TI_ATRegion0_region_sz      
00000000  __TI_ATRegion0_src_addr       
00000000  __TI_ATRegion0_trg_addr       
00000000  __TI_ATRegion1_region_sz      
00000000  __TI_ATRegion1_src_addr       
00000000  __TI_ATRegion1_trg_addr       
00000000  __TI_ATRegion2_region_sz      
00000000  __TI_ATRegion2_src_addr       
00000000  __TI_ATRegion2_trg_addr       
00000000  __TI_static_base__            
00000000  interruptVectors              
000000c1  Clock_Init80MHz               
00000200  __STACK_SIZE                  
00000200  __SYSMEM_SIZE                 
00000275  main                          
000003b5  UART_Init                     
0000049d  LaunchPad_Init                
00000519  __TI_decompress_lzss          
00000595  __aeabi_uidiv                 
00000595  __aeabi_uidivmod              
000005d5  __TI_auto_init_nobinit_nopinit
00000611  ActivatePortA_B               
00000649  UART_OutUDec                  
0000067f  Debug_Init                    
00000681  UART_OutChar                  
000006ad  _c_int00_noargs               
000006d5  UART_OutString                
000006fb  __aeabi_idiv0                 
000006fd  ADC0_IRQHandler               
000006fd  ADC1_IRQHandler               
000006fd  AES_IRQHandler                
000006fd  CANFD0_IRQHandler             
000006fd  DAC0_IRQHandler               
000006fd  DMA_IRQHandler                
000006fd  Default_Handler               
000006fd  GROUP0_IRQHandler             
000006fd  GROUP1_IRQHandler             
000006fd  I2C0_IRQHandler               
000006fd  I2C1_IRQHandler               
000006fd  NMI_Handler                   
000006fd  PendSV_Handler                
000006fd  RTC_IRQHandler                
000006fd  SPI0_IRQHandler               
000006fd  SPI1_IRQHandler               
000006fd  SVC_Handler                   
000006fd  SysTick_Handler               
000006fd  TIMA0_IRQHandler              
000006fd  TIMA1_IRQHandler              
000006fd  TIMG0_IRQHandler              
000006fd  TIMG12_IRQHandler             
000006fd  TIMG6_IRQHandler              
000006fd  TIMG7_IRQHandler              
000006fd  TIMG8_IRQHandler              
000006fd  UART0_IRQHandler              
000006fd  UART1_IRQHandler              
000006fd  UART2_IRQHandler              
000006fd  UART3_IRQHandler              
00000719  HardFault_Handler             
00000735  __TI_zero_init_nomemset       
0000074b  TI_memcpy_small               
0000075d  __TI_decompress_none          
0000076f  Clock_Delay                   
0000077f  Delay                         
00000791  Clock_Freq                    
0000079d  Debug_Dump                    
000007a9  __aeabi_memcpy                
000007a9  __aeabi_memcpy4               
000007a9  __aeabi_memcpy8               
000007b1  Reset_Handler                 
000007b5  _system_pre_init              
000007b8  C$$EXIT                       
000007b9  abort                         
000008a9  Lab3EID                       
000008c0  __TI_Handler_Table_Base       
000008cc  __TI_Handler_Table_Limit      
000008dc  __TI_CINIT_Base               
000008ec  __TI_CINIT_Limit              
000008ec  __TI_CINIT_Warm               
20200000  __start___llvm_prf_bits       
20200000  __start___llvm_prf_cnts       
20200000  __stop___llvm_prf_bits        
20200000  __stop___llvm_prf_cnts        
20200000  _sys_memory                   
20200200  DataBuffer                    
202002c8  TimeBuffer                    
20200390  Time                          
20200394  BusFreq                       
20207e00  __stack                       
20208000  __STACK_END                   
ffffffff  __TI_pprof_out_hndl           
ffffffff  __TI_prof_data_size           
ffffffff  __TI_prof_data_start          
ffffffff  __binit__                     
ffffffff  binit                         
UNDEFED   __mpu_init                    
UNDEFED   _system_post_cinit            

[96 symbols]
