******************************************************************************
            TI ARM Clang Linker PC v4.0.1                      
******************************************************************************
>> Linked Thu Dec 26 10:03:02 2024

OUTPUT FILE NAME:   <ECE319K_Lab2H.out>
ENTRY POINT SYMBOL: "_c_int00_noargs"  address: 000012d1


MEMORY CONFIGURATION

         name            origin    length      used     unused   attr    fill
----------------------  --------  ---------  --------  --------  ----  --------
  FLASH                 00000000   00020000  000018b0  0001e750  R  X
  SRAM                  20200000   00008000  00000449  00007bb7  RW X
  BCR_CONFIG            41c00000   00000080  00000000  00000080  R   
  BSL_CONFIG            41c00100   00000080  00000000  00000080  R   


SEGMENT ALLOCATION MAP

run origin  load origin   length   init length attrs members
----------  ----------- ---------- ----------- ----- -------
00000000    00000000    000018b0   000018b0    r-x
  00000000    00000000    000000c0   000000c0    r-- .intvecs
  000000c0    000000c0    00001350   00001350    r-x .text
  00001410    00001410    00000470   00000470    r-- .rodata
  00001880    00001880    00000030   00000030    r-- .cinit
20200000    20200000    0000024c   00000000    rw-
  20200000    20200000    00000200   00000000    rw- .sysmem
  20200200    20200200    00000035   00000000    rw- .bss
  20200238    20200238    00000014   00000000    rw- .data
20207e00    20207e00    00000200   00000000    rw-
  20207e00    20207e00    00000200   00000000    rw- .stack


SECTION ALLOCATION MAP

 output                                  attributes/
section   page    origin      length       input sections
--------  ----  ----------  ----------   ----------------
.intvecs   0    00000000    000000c0     
                  00000000    000000c0     startup_mspm0g3507_ticlang.o (.intvecs)

.text      0    000000c0    00001350     
                  000000c0    00000358     ECE319K_Lab2H.o (.text)
                  00000418    000002fc     ECE319K_Lab2Hmain.o (.text.TIMG0_IRQHandler)
                  00000714    000001b4     Clock.o (.text.Clock_Init80MHz)
                  000008c8    00000158     ECE319K_Lab2Hmain.o (.text.Lab2Grader)
                  00000a20    00000134     ECE319K_Lab2Hmain.o (.text.ADC_Init)
                  00000b54    000000e8     UARTbusywait.o (.text.UART_Init)
                  00000c3c    000000e4     ECE319K_Lab2Hmain.o (.text.main)
                  00000d20    000000a8     Timer.o (.text.TimerG7_IntArm)
                  00000dc8    000000a4     ECE319K_Lab2Hmain.o (.text.CheckInit)
                  00000e6c    000000a4     Timer.o (.text.TimerG0_IntArm)
                  00000f10    00000088     libc.a : strcmp-armv6m.S.obj (.text:strcmp)
                  00000f98    0000007c     LaunchPad.o (.text.LaunchPad_Init)
                  00001014    0000007c     libc.a : copy_decompress_lzss.c.obj (.text:decompress:lzss)
                  00001090    0000005c     ECE319K_Lab2Hmain.o (.text.TIMG7_IRQHandler)
                  000010ec    00000040     libclang_rt.builtins.a : aeabi_uidivmod.S.obj (.text.__aeabi_uidivmod)
                  0000112c    0000003c     ECE319K_Lab2Hmain.o (.text.ShowProblem)
                  00001168    0000003c     libc.a : autoinit.c.obj (.text:__TI_auto_init_nobinit_nopinit)
                  000011a4    00000038     LaunchPad.o (.text.ActivatePortA_B)
                  000011dc    00000036     UART.o (.text.UART_OutUDec)
                  00001212    00000002     libclang_rt.builtins.a : aeabi_div0.c.obj (.text.__aeabi_idiv0)
                  00001214    00000034     ECE319K_Lab2Hmain.o (.text.EndLab2)
                  00001248    00000034     ECE319K_Lab2Hmain.o (.text.setUpper)
                  0000127c    0000002c     UARTbusywait.o (.text.UART_OutChar)
                  000012a8    00000028     ECE319K_Lab2Hmain.o (.text.ADC_Start)
                  000012d0    00000028     libc.a : boot_cortex_m.c.obj (.text:_c_int00_noargs)
                  000012f8    00000026     UART.o (.text.UART_OutString)
                  0000131e    00000002     --HOLE-- [fill = 0]
                  00001320    00000020     ECE319K_Lab2Hmain.o (.text.Random32)
                  00001340    0000001c     startup_mspm0g3507_ticlang.o (.text.Default_Handler)
                  0000135c    0000001c     startup_mspm0g3507_ticlang.o (.text.HardFault_Handler)
                  00001378    00000018     ECE319K_Lab2Hmain.o (.text.Random)
                  00001390    00000016     libc.a : copy_zero_init.c.obj (.text:decompress:ZI:__TI_zero_init_nomemset)
                  000013a6    00000012            : memcpy16.S.obj (.text:TI_memcpy_small)
                  000013b8    00000012            : copy_decompress_none.c.obj (.text:decompress:none)
                  000013ca    00000010     Clock.o (.text.Clock_Delay)
                  000013da    00000010     LaunchPad.o (.text.Delay)
                  000013ea    00000002     --HOLE-- [fill = 0]
                  000013ec    0000000c     Clock.o (.text.Clock_Freq)
                  000013f8    00000008     libclang_rt.builtins.a : aeabi_memcpy.S.obj (.text.__aeabi_memcpy)
                  00001400    00000004     startup_mspm0g3507_ticlang.o (.text.Reset_Handler)
                  00001404    00000004     libc.a : pre_init.c.obj (.text._system_pre_init)
                  00001408    00000004            : exit.c.obj (.text:abort)
                  0000140c    00000004     --HOLE-- [fill = 0]

.cinit     0    00001880    00000030     
                  00001880    0000000c     (__TI_handler_table)
                  0000188c    0000000b     (.cinit..data.load) [load image, compression = lzss]
                  00001897    00000001     --HOLE-- [fill = 0]
                  00001898    00000008     (.cinit..bss.load) [load image, compression = zero_init]
                  000018a0    00000010     (__TI_cinit_table)

.rodata    0    00001410    00000470     
                  00001410    00000140     ECE319K_Lab2Hmain.o (.rodata.StartProblem)
                  00001550    000000f0     ECE319K_Lab2Hmain.o (.rodata.LEDProblem)
                  00001640    000000d0     ECE319K_Lab2Hmain.o (.rodata.Table)
                  00001710    0000002d     ECE319K_Lab2Hmain.o (.rodata.str1.169577066232579836251)
                  0000173d    00000024     ECE319K_Lab2Hmain.o (.rodata.str1.155703307697723648131)
                  00001761    00000023     ECE319K_Lab2Hmain.o (.rodata.str1.162515654573159224661)
                  00001784    00000022     ECE319K_Lab2Hmain.o (.rodata.str1.165502521614982684671)
                  000017a6    0000001f     ECE319K_Lab2Hmain.o (.rodata.str1.174930766036349337161)
                  000017c5    0000001c     ECE319K_Lab2Hmain.o (.rodata.str1.171016965458660467751)
                  000017e1    00000014     ECE319K_Lab2Hmain.o (.rodata.str1.163032562351843159361)
                  000017f5    00000003     --HOLE-- [fill = 0]
                  000017f8    00000010     ECE319K_Lab2Hmain.o (.rodata.InMux)
                  00001808    00000010     ECE319K_Lab2Hmain.o (.rodata.StartMask)
                  00001818    0000000e     ECE319K_Lab2Hmain.o (.rodata.str1.79262121804255714941)
                  00001826    0000000d     ECE319K_Lab2Hmain.o (.rodata.str1.108713378209419762111)
                  00001833    00000001     --HOLE-- [fill = 0]
                  00001834    0000000c     ECE319K_Lab2Hmain.o (.rodata.LEDMask)
                  00001840    0000000c     ECE319K_Lab2Hmain.o (.rodata.OutMux)
                  0000184c    0000000b     ECE319K_Lab2Hmain.o (.rodata.str1.166008713790688936721)
                  00001857    0000000b     ECE319K_Lab2Hmain.o (.rodata.str1.3800786842121539981)
                  00001862    00000009     ECE319K_Lab2Hmain.o (.rodata.str1.150866421526066405821)
                  0000186b    00000008     ECE319K_Lab2Hmain.o (.rodata.str1.116571622258967589991)
                  00001873    00000007     ECE319K_Lab2Hmain.o (.rodata.str1.91545133318217054921)
                  0000187a    00000004     ECE319K_Lab2Hmain.o (.rodata.str1.84480763434980169371)
                  0000187e    00000002     --HOLE-- [fill = 0]

.init_array 
*          0    00000000    00000000     UNINITIALIZED

.binit     0    00000000    00000000     

.sysmem    0    20200000    00000200     UNINITIALIZED
                  20200000    00000010     libc.a : memory.c.obj (.sysmem)
                  20200010    000001f0     --HOLE--

.bss       0    20200200    00000035     UNINITIALIZED
                  20200200    00000010     (.common:Wave)
                  20200210    00000004     (.common:FirstCount)
                  20200214    00000004     (.common:M)
                  20200218    00000004     (.common:Period)
                  2020021c    00000004     (.common:Phase)
                  20200220    00000004     (.common:SizeofEID)
                  20200224    00000004     (.common:StartCount)
                  20200228    00000004     (.common:TExaSadc)
                  2020022c    00000004     (.common:WaveIndex)
                  20200230    00000004     (.common:mode)
                  20200234    00000001     (.common:Letter)

.data      0    20200238    00000014     UNINITIALIZED
                  20200238    00000004     Clock.o (.data.BusFreq)
                  2020023c    00000004     ECE319K_Lab2Hmain.o (.data.Mode0)
                  20200240    00000004     ECE319K_Lab2Hmain.o (.data.Mode1)
                  20200244    00000004     ECE319K_Lab2Hmain.o (.data.Score)
                  20200248    00000004     ECE319K_Lab2Hmain.o (.data.Time)

.stack     0    20207e00    00000200     UNINITIALIZED
                  20207e00    00000004     libc.a : boot_cortex_m.c.obj (.stack)
                  20207e04    000001fc     --HOLE--

__llvm_prf_cnts 
*          0    20200000    00000000     UNINITIALIZED

__llvm_prf_bits 
*          0    20200000    00000000     UNINITIALIZED

MODULE SUMMARY

       Module                         code   ro data   rw data
       ------                         ----   -------   -------
    .\
       ECE319K_Lab2Hmain.o            2160   1130      69     
       ECE319K_Lab2H.o                856    0         0      
       Clock.o                        464    0         4      
       Timer.o                        332    0         0      
       UARTbusywait.o                 276    0         0      
       LaunchPad.o                    196    0         0      
       UART.o                         92     0         0      
    +--+------------------------------+------+---------+---------+
       Total:                         4376   1130      73     
                                                              
    .\ticlang\
       startup_mspm0g3507_ticlang.o   60     192       0      
    +--+------------------------------+------+---------+---------+
       Total:                         60     192       0      
                                                              
    C:\ti\ccs2000\ccs\tools\compiler\ti-cgt-armllvm_4.0.1.LTS\lib\armv6m-ti-none-eabi/c/libc.a
       strcmp-armv6m.S.obj            136    0         0      
       copy_decompress_lzss.c.obj     124    0         0      
       autoinit.c.obj                 60     0         0      
       boot_cortex_m.c.obj            40     0         0      
       copy_zero_init.c.obj           22     0         0      
       copy_decompress_none.c.obj     18     0         0      
       memcpy16.S.obj                 18     0         0      
       exit.c.obj                     4      0         0      
       pre_init.c.obj                 4      0         0      
    +--+------------------------------+------+---------+---------+
       Total:                         426    0         0      
                                                              
    C:\ti\ccs2000\ccs\tools\compiler\ti-cgt-armllvm_4.0.1.LTS\lib\armv6m-ti-none-eabi/libclang_rt.builtins.a
       aeabi_uidivmod.S.obj           64     0         0      
       aeabi_memcpy.S.obj             8      0         0      
       aeabi_div0.c.obj               2      0         0      
    +--+------------------------------+------+---------+---------+
       Total:                         74     0         0      
                                                              
       Heap:                          0      0         512    
       Stack:                         0      0         512    
       Linker Generated:              0      47        0      
    +--+------------------------------+------+---------+---------+
       Grand Total:                   4936   1369      1097   


LINKER GENERATED COPY TABLES

__TI_cinit_table @ 000018a0 records: 2, size/record: 8, table size: 16
	.data: load addr=0000188c, load size=0000000b bytes, run addr=20200238, run size=00000014 bytes, compression=lzss
	.bss: load addr=00001898, load size=00000008 bytes, run addr=20200200, run size=00000035 bytes, compression=zero_init


LINKER GENERATED HANDLER TABLE

__TI_handler_table @ 00001880 records: 3, size/record: 4, table size: 12
	index: 0, handler: __TI_decompress_lzss
	index: 1, handler: __TI_decompress_none
	index: 2, handler: __TI_zero_init


GLOBAL SYMBOLS: SORTED ALPHABETICALLY BY Name 

address   name                          
-------   ----                          
00001341  ADC0_IRQHandler               
00001341  ADC1_IRQHandler               
00000a21  ADC_Init                      
000012a9  ADC_Start                     
00001341  AES_IRQHandler                
000011a5  ActivatePortA_B               
20200238  BusFreq                       
00001408  C$$EXIT                       
00001341  CANFD0_IRQHandler             
00000dc9  CheckInit                     
000013cb  Clock_Delay                   
000013ed  Clock_Freq                    
00000715  Clock_Init80MHz               
00001341  DAC0_IRQHandler               
00001341  DMA_IRQHandler                
00001341  Default_Handler               
000013db  Delay                         
000000c0  EID                           
00001215  EndLab2                       
20200210  FirstCount                    
00001341  GROUP0_IRQHandler             
00001341  GROUP1_IRQHandler             
0000135d  HardFault_Handler             
00001341  I2C0_IRQHandler               
00001341  I2C1_IRQHandler               
000017f8  InMux                         
00001834  LEDMask                       
00001550  LEDProblem                    
000002d0  Lab2                          
000008c9  Lab2Grader                    
00000f99  LaunchPad_Init                
20200234  Letter                        
20200214  M                             
2020023c  Mode0                         
20200240  Mode1                         
00001341  NMI_Handler                   
00001840  OutMux                        
00001341  PendSV_Handler                
20200218  Period                        
2020021c  Phase                         
00001341  RTC_IRQHandler                
00001379  Random                        
00001321  Random32                      
00001401  Reset_Handler                 
00001341  SPI0_IRQHandler               
00001341  SPI1_IRQHandler               
00001341  SVC_Handler                   
20200244  Score                         
0000112d  ShowProblem                   
20200220  SizeofEID                     
20200224  StartCount                    
00001808  StartMask                     
00001410  StartProblem                  
00001341  SysTick_Handler               
20200228  TExaSadc                      
00001341  TIMA0_IRQHandler              
00001341  TIMA1_IRQHandler              
00000419  TIMG0_IRQHandler              
00001341  TIMG12_IRQHandler             
00001341  TIMG6_IRQHandler              
00001091  TIMG7_IRQHandler              
00001341  TIMG8_IRQHandler              
000013a7  TI_memcpy_small               
00001640  Table                         
20200248  Time                          
00000e6d  TimerG0_IntArm                
00000d21  TimerG7_IntArm                
00001341  UART0_IRQHandler              
00001341  UART1_IRQHandler              
00001341  UART2_IRQHandler              
00001341  UART3_IRQHandler              
00000b55  UART_Init                     
0000127d  UART_OutChar                  
000012f9  UART_OutString                
000011dd  UART_OutUDec                  
20200200  Wave                          
2020022c  WaveIndex                     
20208000  __STACK_END                   
00000200  __STACK_SIZE                  
00000200  __SYSMEM_SIZE                 
00000000  __TI_ATRegion0_region_sz      
00000000  __TI_ATRegion0_src_addr       
00000000  __TI_ATRegion0_trg_addr       
00000000  __TI_ATRegion1_region_sz      
00000000  __TI_ATRegion1_src_addr       
00000000  __TI_ATRegion1_trg_addr       
00000000  __TI_ATRegion2_region_sz      
00000000  __TI_ATRegion2_src_addr       
00000000  __TI_ATRegion2_trg_addr       
000018a0  __TI_CINIT_Base               
000018b0  __TI_CINIT_Limit              
000018b0  __TI_CINIT_Warm               
00001880  __TI_Handler_Table_Base       
0000188c  __TI_Handler_Table_Limit      
00001169  __TI_auto_init_nobinit_nopinit
00001015  __TI_decompress_lzss          
000013b9  __TI_decompress_none          
ffffffff  __TI_pprof_out_hndl           
ffffffff  __TI_prof_data_size           
ffffffff  __TI_prof_data_start          
00000000  __TI_static_base__            
00001391  __TI_zero_init_nomemset       
00001213  __aeabi_idiv0                 
000013f9  __aeabi_memcpy                
000013f9  __aeabi_memcpy4               
000013f9  __aeabi_memcpy8               
000010ed  __aeabi_uidiv                 
000010ed  __aeabi_uidivmod              
ffffffff  __binit__                     
UNDEFED   __mpu_init                    
20207e00  __stack                       
20200000  __start___llvm_prf_bits       
20200000  __start___llvm_prf_cnts       
20200000  __stop___llvm_prf_bits        
20200000  __stop___llvm_prf_cnts        
000012d1  _c_int00_noargs               
20200000  _sys_memory                   
UNDEFED   _system_post_cinit            
00001405  _system_pre_init              
00001409  abort                         
ffffffff  binit                         
00000000  interruptVectors              
00000c3d  main                          
20200230  mode                          
00001249  setUpper                      
00000f11  strcmp                        


GLOBAL SYMBOLS: SORTED BY Symbol Address 

address   name                          
-------   ----                          
00000000  __TI_ATRegion0_region_sz      
00000000  __TI_ATRegion0_src_addr       
00000000  __TI_ATRegion0_trg_addr       
00000000  __TI_ATRegion1_region_sz      
00000000  __TI_ATRegion1_src_addr       
00000000  __TI_ATRegion1_trg_addr       
00000000  __TI_ATRegion2_region_sz      
00000000  __TI_ATRegion2_src_addr       
00000000  __TI_ATRegion2_trg_addr       
00000000  __TI_static_base__            
00000000  interruptVectors              
000000c0  EID                           
00000200  __STACK_SIZE                  
00000200  __SYSMEM_SIZE                 
000002d0  Lab2                          
00000419  TIMG0_IRQHandler              
00000715  Clock_Init80MHz               
000008c9  Lab2Grader                    
00000a21  ADC_Init                      
00000b55  UART_Init                     
00000c3d  main                          
00000d21  TimerG7_IntArm                
00000dc9  CheckInit                     
00000e6d  TimerG0_IntArm                
00000f11  strcmp                        
00000f99  LaunchPad_Init                
00001015  __TI_decompress_lzss          
00001091  TIMG7_IRQHandler              
000010ed  __aeabi_uidiv                 
000010ed  __aeabi_uidivmod              
0000112d  ShowProblem                   
00001169  __TI_auto_init_nobinit_nopinit
000011a5  ActivatePortA_B               
000011dd  UART_OutUDec                  
00001213  __aeabi_idiv0                 
00001215  EndLab2                       
00001249  setUpper                      
0000127d  UART_OutChar                  
000012a9  ADC_Start                     
000012d1  _c_int00_noargs               
000012f9  UART_OutString                
00001321  Random32                      
00001341  ADC0_IRQHandler               
00001341  ADC1_IRQHandler               
00001341  AES_IRQHandler                
00001341  CANFD0_IRQHandler             
00001341  DAC0_IRQHandler               
00001341  DMA_IRQHandler                
00001341  Default_Handler               
00001341  GROUP0_IRQHandler             
00001341  GROUP1_IRQHandler             
00001341  I2C0_IRQHandler               
00001341  I2C1_IRQHandler               
00001341  NMI_Handler                   
00001341  PendSV_Handler                
00001341  RTC_IRQHandler                
00001341  SPI0_IRQHandler               
00001341  SPI1_IRQHandler               
00001341  SVC_Handler                   
00001341  SysTick_Handler               
00001341  TIMA0_IRQHandler              
00001341  TIMA1_IRQHandler              
00001341  TIMG12_IRQHandler             
00001341  TIMG6_IRQHandler              
00001341  TIMG8_IRQHandler              
00001341  UART0_IRQHandler              
00001341  UART1_IRQHandler              
00001341  UART2_IRQHandler              
00001341  UART3_IRQHandler              
0000135d  HardFault_Handler             
00001379  Random                        
00001391  __TI_zero_init_nomemset       
000013a7  TI_memcpy_small               
000013b9  __TI_decompress_none          
000013cb  Clock_Delay                   
000013db  Delay                         
000013ed  Clock_Freq                    
000013f9  __aeabi_memcpy                
000013f9  __aeabi_memcpy4               
000013f9  __aeabi_memcpy8               
00001401  Reset_Handler                 
00001405  _system_pre_init              
00001408  C$$EXIT                       
00001409  abort                         
00001410  StartProblem                  
00001550  LEDProblem                    
00001640  Table                         
000017f8  InMux                         
00001808  StartMask                     
00001834  LEDMask                       
00001840  OutMux                        
00001880  __TI_Handler_Table_Base       
0000188c  __TI_Handler_Table_Limit      
000018a0  __TI_CINIT_Base               
000018b0  __TI_CINIT_Limit              
000018b0  __TI_CINIT_Warm               
20200000  __start___llvm_prf_bits       
20200000  __start___llvm_prf_cnts       
20200000  __stop___llvm_prf_bits        
20200000  __stop___llvm_prf_cnts        
20200000  _sys_memory                   
20200200  Wave                          
20200210  FirstCount                    
20200214  M                             
20200218  Period                        
2020021c  Phase                         
20200220  SizeofEID                     
20200224  StartCount                    
20200228  TExaSadc                      
2020022c  WaveIndex                     
20200230  mode                          
20200234  Letter                        
20200238  BusFreq                       
2020023c  Mode0                         
20200240  Mode1                         
20200244  Score                         
20200248  Time                          
20207e00  __stack                       
20208000  __STACK_END                   
ffffffff  __TI_pprof_out_hndl           
ffffffff  __TI_prof_data_size           
ffffffff  __TI_prof_data_start          
ffffffff  __binit__                     
ffffffff  binit                         
UNDEFED   __mpu_init                    
UNDEFED   _system_post_cinit            

[126 symbols]
